Modules list:
-------------
main.o:
    CODE              Offs=000000  Size=0008AA  Align=00001  Fill=0000
    RODATA            Offs=000000  Size=00029C  Align=00001  Fill=0000
    BSS               Offs=000000  Size=00001D  Align=00001  Fill=0000
    DATA              Offs=000000  Size=000029  Align=00001  Fill=0000
c:\cc65\lib/atari.lib(addysp.o):
    CODE              Offs=0008AA  Size=00000E  Align=00001  Fill=0000
c:\cc65\lib/atari.lib(aslax4.o):
    CODE              Offs=0008B8  Size=000011  Align=00001  Fill=0000
c:\cc65\lib/atari.lib(bneg.o):
    CODE              Offs=0008C9  Size=00000E  Align=00001  Fill=0000
c:\cc65\lib/atari.lib(callmain.o):
    CODE              Offs=0008D7  Size=000017  Align=00001  Fill=0000
    DATA              Offs=000029  Size=000004  Align=00001  Fill=0000
c:\cc65\lib/atari.lib(condes.o):
    CODE              Offs=0008EE  Size=00000C  Align=00001  Fill=0000
    DATA              Offs=00002D  Size=000025  Align=00001  Fill=0000
    ONCE              Offs=000000  Size=00000C  Align=00001  Fill=0000
c:\cc65\lib/atari.lib(crt0.o):
    BSS               Offs=00001D  Size=000005  Align=00001  Fill=0000
    STARTUP           Offs=000000  Size=000063  Align=00001  Fill=0000
c:\cc65\lib/atari.lib(exehdr.o):
    EXEHDR            Offs=000000  Size=000002  Align=00001  Fill=0000
    MAINHDR           Offs=000000  Size=000004  Align=00001  Fill=0000
c:\cc65\lib/atari.lib(exetrailer.o):
    AUTOSTRT          Offs=000000  Size=000006  Align=00001  Fill=0000
c:\cc65\lib/atari.lib(incsp2.o):
    CODE              Offs=0008FA  Size=000016  Align=00001  Fill=0000
c:\cc65\lib/atari.lib(incsp3.o):
    CODE              Offs=000910  Size=000005  Align=00001  Fill=0000
c:\cc65\lib/atari.lib(memcpy.o):
    CODE              Offs=000915  Size=00003C  Align=00001  Fill=0000
c:\cc65\lib/atari.lib(memset.o):
    CODE              Offs=000951  Size=00005D  Align=00001  Fill=0000
c:\cc65\lib/atari.lib(mul8.o):
    CODE              Offs=0009AE  Size=00003A  Align=00001  Fill=0000
c:\cc65\lib/atari.lib(popptr1.o):
    CODE              Offs=0009E8  Size=00000E  Align=00001  Fill=0000
c:\cc65\lib/atari.lib(pusha.o):
    CODE              Offs=0009F6  Size=000016  Align=00001  Fill=0000
c:\cc65\lib/atari.lib(pushax.o):
    CODE              Offs=000A0C  Size=00001A  Align=00001  Fill=0000
c:\cc65\lib/atari.lib(system_check.o):
    SYSCHK            Offs=000000  Size=0000F6  Align=00001  Fill=0000
c:\cc65\lib/atari.lib(system_check_hdr.o):
    SYSCHKHDR         Offs=000000  Size=000004  Align=00001  Fill=0000
c:\cc65\lib/atari.lib(system_check_trailer.o):
    SYSCHKTRL         Offs=000000  Size=000006  Align=00001  Fill=0000
c:\cc65\lib/atari.lib(udiv.o):
    CODE              Offs=000A26  Size=00004F  Align=00001  Fill=0000
c:\cc65\lib/atari.lib(umod.o):
    CODE              Offs=000A75  Size=000011  Align=00001  Fill=0000
c:\cc65\lib/atari.lib(zerobss.o):
    CODE              Offs=000A86  Size=000023  Align=00001  Fill=0000
c:\cc65\lib/atari.lib(zeropage.o):
    ZEROPAGE          Offs=000000  Size=00001A  Align=00001  Fill=0000


Segment list:
-------------
Name                   Start     End    Size  Align
----------------------------------------------------
AUTOSTRT              000000  000005  000006  00001
EXEHDR                000000  000001  000002  00001
MAINHDR               000000  000003  000004  00001
SYSCHKHDR             000000  000003  000004  00001
SYSCHKTRL             000000  000005  000006  00001
ZEROPAGE              000082  00009B  00001A  00001
STARTUP               002000  002062  000063  00001
ONCE                  002063  00206E  00000C  00001
CODE                  00206F  002B17  000AA9  00001
RODATA                002B18  002DB3  00029C  00001
DATA                  002DB4  002E05  000052  00001
SYSCHK                002E00  002EF5  0000F6  00001
BSS                   002E06  002E27  000022  00001


Exports list by name:
---------------------
__AUTOSTART__             000001 REA    __BSS_LOAD__              002E06 RLA    
__BSS_RUN__               002E06 RLA    __BSS_SIZE__              000022 REA    
__CONSTRUCTOR_COUNT__     000000 REA    __CONSTRUCTOR_TABLE__     00206F RLA    
__DESTRUCTOR_COUNT__      000000 REA    __DESTRUCTOR_TABLE__      002DB4 RLA    
__EXEHDR__                000001 REA    __LOWCODE_RUN__           002063 RLA    
__LOWCODE_SIZE__          000000 REA    __MAIN_START__            002000 RLA    
__RESERVED_MEMORY__       000000 REA    __STACKSIZE__             000800 REA    
__STARTADDRESS__          002000 REA    __STARTUP__               000001 REA    
__SYSCHKHDR__             000001 REA    __SYSCHKTRL__             000001 REA    
__SYSCHK_END__            002EF6 RLA    __SYSCHK_LOAD__           002E00 RLA    
__SYSTEM_CHECK__          002E47 REA    __bzero                   0029C0 RLA    
_bzero                    0029C0 RLA    _main                     002806 RLA    
_memcpy                   002984 RLA    addysp                    00291A RLA    
aslax4                    002927 RLA    bnega                     00293C RLA    
callmain                  002946 RLA    donelib                   00295D RLA    
incsp2                    002971 RLA    incsp3                    00297F RLA    
initlib                   002063 RLA    popax                     002969 RLA    
popptr1                   002A57 RLA    ptr1                      00008A RLZ    
ptr2                      00008C RLZ    ptr3                      00008E RLZ    
ptr4                      000090 RLZ    pusha                     002A69 RLA    
pusha0                    002A7D RLA    pushax                    002A7F RLA    
sp                        000082 RLZ    sreg                      000084 RLZ    
start                     002001 RLA    tmp1                      000092 RLZ    
tosmula0                  002A1D RLA    tosudiva0                 002A95 RLA    
tosumoda0                 002AE4 RLA    udiv16                    002AA6 RLA    
zerobss                   002AF5 RLA    


Exports list by value:
----------------------
__RESERVED_MEMORY__       000000 REA    __DESTRUCTOR_COUNT__      000000 REA    
__LOWCODE_SIZE__          000000 REA    __CONSTRUCTOR_COUNT__     000000 REA    
__STARTUP__               000001 REA    __SYSCHKHDR__             000001 REA    
__EXEHDR__                000001 REA    __SYSCHKTRL__             000001 REA    
__AUTOSTART__             000001 REA    __BSS_SIZE__              000022 REA    
sp                        000082 RLZ    sreg                      000084 RLZ    
ptr1                      00008A RLZ    ptr2                      00008C RLZ    
ptr3                      00008E RLZ    ptr4                      000090 RLZ    
tmp1                      000092 RLZ    __STACKSIZE__             000800 REA    
__STARTADDRESS__          002000 REA    __MAIN_START__            002000 RLA    
start                     002001 RLA    initlib                   002063 RLA    
__LOWCODE_RUN__           002063 RLA    __CONSTRUCTOR_TABLE__     00206F RLA    
_main                     002806 RLA    addysp                    00291A RLA    
aslax4                    002927 RLA    bnega                     00293C RLA    
callmain                  002946 RLA    donelib                   00295D RLA    
popax                     002969 RLA    incsp2                    002971 RLA    
incsp3                    00297F RLA    _memcpy                   002984 RLA    
_bzero                    0029C0 RLA    __bzero                   0029C0 RLA    
tosmula0                  002A1D RLA    popptr1                   002A57 RLA    
pusha                     002A69 RLA    pusha0                    002A7D RLA    
pushax                    002A7F RLA    tosudiva0                 002A95 RLA    
udiv16                    002AA6 RLA    tosumoda0                 002AE4 RLA    
zerobss                   002AF5 RLA    __DESTRUCTOR_TABLE__      002DB4 RLA    
__SYSCHK_LOAD__           002E00 RLA    __BSS_RUN__               002E06 RLA    
__BSS_LOAD__              002E06 RLA    __SYSTEM_CHECK__          002E47 REA    
__SYSCHK_END__            002EF6 RLA    


Imports list:
-------------
__AUTOSTART__ (exetrailer.o):
    [linker generated]        atari.cfg(7)
__BSS_LOAD__ ([linker generated]):
    exehdr.o                  atari/exehdr.s(4)
__BSS_RUN__ ([linker generated]):
    zerobss.o                 common/zerobss.s(8)
    system_check.o            atari/system_check.s(23)
__BSS_SIZE__ ([linker generated]):
    zerobss.o                 common/zerobss.s(8)
    system_check.o            atari/system_check.s(23)
__CONSTRUCTOR_COUNT__ ([linker generated]):
    condes.o                  runtime/condes.s(18)
__CONSTRUCTOR_TABLE__ ([linker generated]):
    condes.o                  runtime/condes.s(18)
__DESTRUCTOR_COUNT__ ([linker generated]):
    condes.o                  runtime/condes.s(19)
__DESTRUCTOR_TABLE__ ([linker generated]):
    condes.o                  runtime/condes.s(19)
__EXEHDR__ (exehdr.o):
    [linker generated]        atari.cfg(5)
__LOWCODE_RUN__ ([linker generated]):
    crt0.o                    atari/crt0.s(18)
__LOWCODE_SIZE__ ([linker generated]):
    crt0.o                    atari/crt0.s(18)
__MAIN_START__ ([linker generated]):
    exehdr.o                  atari/exehdr.s(4)
__RESERVED_MEMORY__ ([linker generated]):
    system_check.o            atari/system_check.s(25)
    crt0.o                    atari/crt0.s(16)
    [linker generated]        atari.cfg(25)
__STACKSIZE__ ([linker generated]):
    system_check.o            atari/system_check.s(24)
    [linker generated]        atari.cfg(25)
__STARTADDRESS__ ([linker generated]):
    system_check.o            atari/system_check.s(20)
__STARTUP__ (crt0.o):
    main.o                    main.s(24)
__SYSCHKHDR__ (system_check_hdr.o):
    system_check.o            atari/system_check.s(28)
__SYSCHKTRL__ (system_check_trailer.o):
    system_check.o            atari/system_check.s(28)
__SYSCHK_END__ (system_check.o):
    system_check_hdr.o        atari/system_check_hdr.s(7)
__SYSCHK_LOAD__ ([linker generated]):
    system_check_hdr.o        atari/system_check_hdr.s(7)
__SYSTEM_CHECK__ (system_check.o):
    system_check_trailer.o    atari/system_check_trailer.s(7)
    [linker generated]        atari.cfg(6)
__bzero (memset.o):
    main.o                    main.s(2365)
_bzero (memset.o):
    main.o                    main.s(30)
_main (main.o):
    callmain.o                runtime/callmain.s(11)
_memcpy (memcpy.o):
    main.o                    main.s(28)
addysp (addysp.o):
    incsp3.o                  runtime/incsp3.s(8)
aslax4 (aslax4.o):
    main.o                    main.s(2365)
bnega (bneg.o):
    main.o                    main.s(2365)
callmain (callmain.o):
    crt0.o                    atari/crt0.s(15)
donelib (condes.o):
    crt0.o                    atari/crt0.s(14)
incsp2 (incsp2.o):
    popptr1.o                 runtime/popptr1.s(8)
incsp3 (incsp3.o):
    main.o                    main.s(2365)
initlib (condes.o):
    crt0.o                    atari/crt0.s(14)
popax (incsp2.o):
    memset.o                  common/memset.s(19)
    memcpy.o                  common/memcpy.s(14)
popptr1 (popptr1.o):
    umod.o                    runtime/umod.s(8)
    udiv.o                    runtime/udiv.s(9)
    mul8.o                    runtime/mul8.s(9)
    memcpy.o                  common/memcpy.s(14)
ptr1 (zeropage.o):
    zerobss.o                 common/zerobss.s(9)
    udiv.o                    runtime/udiv.s(10)
    popptr1.o                 runtime/popptr1.s(9)
    mul8.o                    runtime/mul8.s(10)
    memset.o                  common/memset.s(20)
    memcpy.o                  common/memcpy.s(15)
    main.o                    main.s(11)
ptr2 (zeropage.o):
    memset.o                  common/memset.s(20)
    memcpy.o                  common/memcpy.s(15)
ptr3 (zeropage.o):
    memset.o                  common/memset.s(20)
    memcpy.o                  common/memcpy.s(15)
ptr4 (zeropage.o):
    umod.o                    runtime/umod.s(9)
    udiv.o                    runtime/udiv.s(10)
    mul8.o                    runtime/mul8.s(10)
pusha (pusha.o):
    main.o                    main.s(2365)
pusha0 (pushax.o):
    main.o                    main.s(2365)
    main.o                    main.s(2365)
    main.o                    main.s(2365)
    main.o                    main.s(2365)
pushax (pushax.o):
    callmain.o                runtime/callmain.s(11)
    main.o                    main.s(2365)
    main.o                    main.s(2365)
    main.o                    main.s(2365)
    main.o                    main.s(2365)
    main.o                    main.s(2365)
    main.o                    main.s(2365)
    main.o                    main.s(2365)
sp (zeropage.o):
    incsp2.o                  runtime/incsp2.s(8)
    addysp.o                  runtime/addysp.s(8)
    pushax.o                  runtime/pushax.s(8)
    pusha.o                   runtime/pusha.s(8)
    popptr1.o                 runtime/popptr1.s(9)
    memset.o                  common/memset.s(20)
    memcpy.o                  common/memcpy.s(15)
    crt0.o                    /home/travis/build/cc65/cc65/asminc/zeropage.inc(11)
    main.o                    main.s(10)
sreg (zeropage.o):
    umod.o                    runtime/umod.s(9)
    udiv.o                    runtime/udiv.s(10)
start (crt0.o):
    exetrailer.o              atari/exetrailer.s(4)
tmp1 (zeropage.o):
    aslax4.o                  runtime/aslax4.s(8)
    main.o                    main.s(11)
tosmula0 (mul8.o):
    main.o                    main.s(2365)
tosudiva0 (udiv.o):
    main.o                    main.s(2365)
tosumoda0 (umod.o):
    main.o                    main.s(2365)
    main.o                    main.s(2365)
    main.o                    main.s(2365)
    main.o                    main.s(2365)
    main.o                    main.s(2365)
udiv16 (udiv.o):
    umod.o                    runtime/umod.s(8)
zerobss (zerobss.o):
    crt0.o                    atari/crt0.s(15)

